#-----------------------------------------------------------
# Vivado v2022.1 (64-bit)
# SW Build 3526262 on Mon Apr 18 15:47:01 MDT 2022
# IP Build 3524634 on Mon Apr 18 20:55:01 MDT 2022
# Start of session at: Thu Nov  7 21:25:26 2024
# Process ID: 147806
# Current directory: /home/anthony/VL53L8CX/November/FPGA_SPI_communication/SPI_master
# Command line: vivado
# Log file: /home/anthony/VL53L8CX/November/FPGA_SPI_communication/SPI_master/vivado.log
# Journal file: /home/anthony/VL53L8CX/November/FPGA_SPI_communication/SPI_master/vivado.jou
# Running On: anthony-HP-Pavilion-Laptop-15-cc1xx, OS: Linux, CPU Frequency: 2999.923 MHz, CPU Physical cores: 4, Host memory: 12422 MB
#-----------------------------------------------------------
start_gui
open_project /home/anthony/VL53L8CX/November/FPGA_SPI_communication/SPI_master/SPI_master.xpr
open_hw_manager
connect_hw_server -allow_non_jtag
open_hw_target
set_property PROGRAM.FILE {/home/anthony/VL53L8CX/November/FPGA_SPI_communication/SPI_master/SPI_master.runs/impl_1/slave_CRC.bit} [get_hw_devices xc7s25_0]
current_hw_device [get_hw_devices xc7s25_0]
refresh_hw_device -update_hw_probes false [lindex [get_hw_devices xc7s25_0] 0]
set_property PROBES.FILE {} [get_hw_devices xc7s25_0]
set_property FULL_PROBES.FILE {} [get_hw_devices xc7s25_0]
set_property PROGRAM.FILE {/home/anthony/VL53L8CX/November/FPGA_SPI_communication/SPI_master/SPI_master.runs/impl_1/slave_CRC.bit} [get_hw_devices xc7s25_0]
program_hw_devices [get_hw_devices xc7s25_0]
refresh_hw_device [lindex [get_hw_devices xc7s25_0] 0]
set_property PROBES.FILE {} [get_hw_devices xc7s25_0]
set_property FULL_PROBES.FILE {} [get_hw_devices xc7s25_0]
set_property PROGRAM.FILE {/home/anthony/VL53L8CX/November/FPGA_SPI_communication/SPI_master/SPI_master.runs/impl_1/slave_CRC.bit} [get_hw_devices xc7s25_0]
program_hw_devices [get_hw_devices xc7s25_0]
refresh_hw_device [lindex [get_hw_devices xc7s25_0] 0]
